Java HotSpot(TM) 64-Bit Server VM (25.60-b23) for bsd-amd64 JRE (1.8.0_60-b27), built on Aug  4 2015 10:47:24 by "java_re" with gcc 4.2.1 (Based on Apple Inc. build 5658) (LLVM build 2336.11.00)
Memory: 4k page, physical 16777216k(1230656k free)

/proc/meminfo:

CommandLine flags: -XX:InitialHeapSize=1073741824 -XX:MaxHeapSize=2147483648 -XX:+PrintGC -XX:+PrintGCDateStamps -XX:+PrintGCDetails -XX:+PrintGCTimeStamps -XX:+UseCompressedClassPointers -XX:+UseCompressedOops -XX:+UseParallelGC 
2017-08-27T19:37:10.002-0100: 3.523: [GC (Allocation Failure) [PSYoungGen: 262144K->6505K(305664K)] 262144K->6593K(1005056K), 0.0051543 secs] [Times: user=0.03 sys=0.01, real=0.00 secs] 
2017-08-27T19:37:10.417-0100: 3.938: [GC (Allocation Failure) [PSYoungGen: 268649K->8221K(305664K)] 268737K->8317K(1005056K), 0.0054109 secs] [Times: user=0.03 sys=0.01, real=0.01 secs] 
2017-08-27T19:37:10.806-0100: 4.327: [GC (Allocation Failure) [PSYoungGen: 270365K->9451K(305664K)] 270461K->9555K(1005056K), 0.0045749 secs] [Times: user=0.02 sys=0.00, real=0.01 secs] 
2017-08-27T19:37:11.167-0100: 4.688: [GC (Allocation Failure) [PSYoungGen: 271595K->12392K(305664K)] 271699K->12504K(1005056K), 0.0056384 secs] [Times: user=0.03 sys=0.00, real=0.01 secs] 
2017-08-27T19:37:11.558-0100: 5.079: [GC (Allocation Failure) [PSYoungGen: 274536K->15520K(305664K)] 274648K->15632K(1005056K), 0.0073274 secs] [Times: user=0.04 sys=0.01, real=0.01 secs] 
2017-08-27T19:37:12.492-0100: 6.013: [GC (Metadata GC Threshold) [PSYoungGen: 230598K->16887K(531968K)] 230710K->28877K(1231360K), 0.0135401 secs] [Times: user=0.06 sys=0.02, real=0.01 secs] 
2017-08-27T19:37:12.505-0100: 6.026: [Full GC (Metadata GC Threshold) [PSYoungGen: 16887K->0K(531968K)] [ParOldGen: 11989K->28293K(699392K)] 28877K->28293K(1231360K), [Metaspace: 20810K->20810K(1069056K)], 0.0987517 secs] [Times: user=0.64 sys=0.02, real=0.10 secs] 
2017-08-27T19:37:18.419-0100: 11.940: [GC (Allocation Failure) [PSYoungGen: 515072K->26112K(541184K)] 543365K->226627K(1240576K), 0.1343198 secs] [Times: user=0.88 sys=0.11, real=0.14 secs] 
2017-08-27T19:37:19.491-0100: 13.012: [GC (Allocation Failure) [PSYoungGen: 541184K->117248K(450560K)] 741699K->410691K(1149952K), 0.1422934 secs] [Times: user=0.93 sys=0.13, real=0.14 secs] 
2017-08-27T19:37:20.276-0100: 13.797: [GC (Allocation Failure) [PSYoungGen: 450560K->182784K(516096K)] 744003K->484779K(1215488K), 0.0836790 secs] [Times: user=0.63 sys=0.01, real=0.09 secs] 
2017-08-27T19:37:21.017-0100: 14.538: [GC (Allocation Failure) [PSYoungGen: 516096K->182784K(415744K)] 818091K->541035K(1115136K), 0.1108201 secs] [Times: user=0.77 sys=0.07, real=0.11 secs] 
2017-08-27T19:37:21.647-0100: 15.168: [GC (Allocation Failure) [PSYoungGen: 415744K->93056K(465920K)] 773995K->561523K(1165312K), 0.1133638 secs] [Times: user=0.74 sys=0.06, real=0.12 secs] 
2017-08-27T19:37:22.159-0100: 15.680: [GC (GCLocker Initiated GC) [PSYoungGen: 326016K->109721K(465920K)] 795008K->671153K(1165312K), 0.0898419 secs] [Times: user=0.62 sys=0.06, real=0.09 secs] 
2017-08-27T19:37:22.248-0100: 15.769: [Full GC (Ergonomics) [PSYoungGen: 109721K->0K(465920K)] [ParOldGen: 561432K->291209K(921088K)] 671153K->291209K(1387008K), [Metaspace: 21791K->21791K(1069056K)], 0.4170720 secs] [Times: user=3.06 sys=0.02, real=0.42 secs] 
2017-08-27T19:37:23.115-0100: 16.636: [GC (Allocation Failure) [PSYoungGen: 232960K->86035K(319488K)] 524171K->377247K(1240576K), 0.0435071 secs] [Times: user=0.32 sys=0.00, real=0.04 secs] 
2017-08-27T19:37:23.623-0100: 17.144: [GC (Allocation Failure) [PSYoungGen: 318995K->95872K(474112K)] 610207K->472494K(1395200K), 0.0825651 secs] [Times: user=0.62 sys=0.01, real=0.08 secs] 
2017-08-27T19:37:24.207-0100: 17.728: [GC (Allocation Failure) [PSYoungGen: 341120K->100128K(345600K)] 717742K->571942K(1266688K), 0.0923081 secs] [Times: user=0.71 sys=0.01, real=0.10 secs] 
2017-08-27T19:37:24.821-0100: 18.342: [GC (Allocation Failure) [PSYoungGen: 345376K->99520K(469504K)] 817190K->670739K(1390592K), 0.0909853 secs] [Times: user=0.69 sys=0.01, real=0.09 secs] 
2017-08-27T19:37:25.409-0100: 18.930: [GC (Allocation Failure) [PSYoungGen: 362176K->107648K(460288K)] 933395K->777571K(1381376K), 0.1028316 secs] [Times: user=0.72 sys=0.06, real=0.11 secs] 
2017-08-27T19:37:26.040-0100: 19.561: [GC (Allocation Failure) [PSYoungGen: 370304K->105344K(493056K)] 1040227K->881227K(1414144K), 0.1041615 secs] [Times: user=0.72 sys=0.07, real=0.10 secs] 
2017-08-27T19:37:26.144-0100: 19.665: [Full GC (Ergonomics) [PSYoungGen: 105344K->0K(493056K)] [ParOldGen: 775883K->269302K(1013760K)] 881227K->269302K(1506816K), [Metaspace: 21945K->21945K(1069056K)], 0.4550128 secs] [Times: user=3.31 sys=0.01, real=0.45 secs] 
2017-08-27T19:37:27.155-0100: 20.676: [GC (Allocation Failure) [PSYoungGen: 300544K->119232K(486912K)] 569846K->388534K(1500672K), 0.0583624 secs] [Times: user=0.45 sys=0.00, real=0.06 secs] 
2017-08-27T19:37:27.812-0100: 21.333: [GC (Allocation Failure) [PSYoungGen: 419776K->119552K(506368K)] 689078K->506294K(1520128K), 0.1029545 secs] [Times: user=0.81 sys=0.00, real=0.10 secs] 
2017-08-27T19:37:28.504-0100: 22.025: [GC (Allocation Failure) [PSYoungGen: 440064K->127456K(505856K)] 826806K->631813K(1519616K), 0.1078398 secs] [Times: user=0.85 sys=0.01, real=0.11 secs] 
2017-08-27T19:37:29.242-0100: 22.763: [GC (Allocation Failure) [PSYoungGen: 447968K->128736K(509440K)] 952325K->748637K(1523200K), 0.1070597 secs] [Times: user=0.83 sys=0.01, real=0.10 secs] 
2017-08-27T19:37:29.985-0100: 23.506: [GC (Allocation Failure) [PSYoungGen: 451808K->127488K(510976K)] 1071709K->864101K(1524736K), 0.1099256 secs] [Times: user=0.86 sys=0.01, real=0.11 secs] 
2017-08-27T19:37:30.738-0100: 24.259: [GC (Allocation Failure) [PSYoungGen: 450560K->128672K(510464K)] 1187173K->980821K(1524224K), 0.1134573 secs] [Times: user=0.82 sys=0.05, real=0.12 secs] 
2017-08-27T19:37:30.852-0100: 24.373: [Full GC (Ergonomics) [PSYoungGen: 128672K->0K(510464K)] [ParOldGen: 852149K->272757K(1153536K)] 980821K->272757K(1664000K), [Metaspace: 22039K->22039K(1069056K)], 0.4172533 secs] [Times: user=3.12 sys=0.01, real=0.41 secs] 
2017-08-27T19:37:31.889-0100: 25.410: [GC (Allocation Failure) [PSYoungGen: 323584K->128256K(510976K)] 596341K->401013K(1664512K), 0.0620160 secs] [Times: user=0.49 sys=0.00, real=0.07 secs] 
2017-08-27T19:37:32.579-0100: 26.100: [GC (Allocation Failure) [PSYoungGen: 451840K->128320K(508928K)] 724597K->516245K(1662464K), 0.1051946 secs] [Times: user=0.83 sys=0.00, real=0.11 secs] 
2017-08-27T19:37:33.268-0100: 26.789: [GC (Allocation Failure) [PSYoungGen: 453440K->132032K(509952K)] 841365K->636416K(1663488K), 0.1083964 secs] [Times: user=0.85 sys=0.00, real=0.11 secs] 
2017-08-27T19:37:34.022-0100: 27.543: [GC (Allocation Failure) [PSYoungGen: 457152K->124544K(506880K)] 961536K->748280K(1660416K), 0.1056826 secs] [Times: user=0.82 sys=0.00, real=0.10 secs] 
2017-08-27T19:37:34.731-0100: 28.252: [GC (Allocation Failure) [PSYoungGen: 453760K->132672K(510464K)] 1077496K->868928K(1664000K), 0.1089887 secs] [Times: user=0.83 sys=0.00, real=0.11 secs] 
2017-08-27T19:37:35.492-0100: 29.013: [GC (Allocation Failure) [PSYoungGen: 461888K->129440K(513024K)] 1198144K->977992K(1666560K), 0.1062606 secs] [Times: user=0.82 sys=0.00, real=0.10 secs] 
2017-08-27T19:37:36.225-0100: 29.746: [GC (Allocation Failure) [PSYoungGen: 466336K->135136K(515584K)] 1314888K->1091000K(1669120K), 0.1198844 secs] [Times: user=0.85 sys=0.07, real=0.12 secs] 
2017-08-27T19:37:36.345-0100: 29.866: [Full GC (Ergonomics) [PSYoungGen: 135136K->0K(515584K)] [ParOldGen: 955864K->271925K(1236480K)] 1091000K->271925K(1752064K), [Metaspace: 22136K->22136K(1069056K)], 0.4249146 secs] [Times: user=3.08 sys=0.01, real=0.43 secs] 
2017-08-27T19:37:37.416-0100: 30.937: [GC (Allocation Failure) [PSYoungGen: 336896K->135008K(519168K)] 608821K->406933K(1755648K), 0.0650285 secs] [Times: user=0.49 sys=0.00, real=0.07 secs] 
2017-08-27T19:37:38.195-0100: 31.716: [GC (Allocation Failure) [PSYoungGen: 476512K->133216K(519680K)] 748437K->517965K(1756160K), 0.1069300 secs] [Times: user=0.83 sys=0.00, real=0.11 secs] 
2017-08-27T19:37:38.932-0100: 32.453: [GC (Allocation Failure) [PSYoungGen: 474720K->135840K(520192K)] 859469K->621717K(1756672K), 0.1047125 secs] [Times: user=0.80 sys=0.00, real=0.10 secs] 
2017-08-27T19:37:39.717-0100: 33.238: [GC (Allocation Failure) [PSYoungGen: 479392K->136672K(519680K)] 965269K->726437K(1756160K), 0.1056486 secs] [Times: user=0.82 sys=0.00, real=0.11 secs] 
2017-08-27T19:37:40.490-0100: 34.011: [GC (Allocation Failure) [PSYoungGen: 480224K->137568K(522240K)] 1069989K->841765K(1758720K), 0.1108326 secs] [Times: user=0.87 sys=0.00, real=0.11 secs] 
2017-08-27T19:37:41.276-0100: 34.797: [GC (Allocation Failure) [PSYoungGen: 484192K->137888K(521728K)] 1188389K->947445K(1758208K), 0.1073009 secs] [Times: user=0.84 sys=0.00, real=0.11 secs] 
2017-08-27T19:37:42.085-0100: 35.606: [GC (Allocation Failure) [PSYoungGen: 484512K->138656K(522752K)] 1294069K->1053909K(1759232K), 0.1068886 secs] [Times: user=0.84 sys=0.00, real=0.11 secs] 
2017-08-27T19:37:42.860-0100: 36.381: [GC (Allocation Failure) [PSYoungGen: 487328K->138080K(522240K)] 1402581K->1159733K(1758720K), 0.1146249 secs] [Times: user=0.84 sys=0.04, real=0.11 secs] 
2017-08-27T19:37:43.603-0100: 37.124: [GC (Allocation Failure) [PSYoungGen: 486752K->138496K(524288K)] 1508405K->1266186K(1760768K), 0.1244828 secs] [Times: user=0.85 sys=0.07, real=0.12 secs] 
2017-08-27T19:37:43.728-0100: 37.248: [Full GC (Ergonomics) [PSYoungGen: 138496K->0K(524288K)] [ParOldGen: 1127690K->275395K(1310720K)] 1266186K->275395K(1835008K), [Metaspace: 22262K->22262K(1069056K)], 0.4194417 secs] [Times: user=3.13 sys=0.01, real=0.42 secs] 
2017-08-27T19:37:44.808-0100: 38.329: [GC (Allocation Failure) [PSYoungGen: 352256K->143040K(523776K)] 627651K->418435K(1834496K), 0.0708144 secs] [Times: user=0.55 sys=0.00, real=0.07 secs] 
2017-08-27T19:37:45.587-0100: 39.108: [GC (Allocation Failure) [PSYoungGen: 495296K->135616K(522752K)] 770691K->514131K(1833472K), 0.1056046 secs] [Times: user=0.82 sys=0.01, real=0.11 secs] 
2017-08-27T19:37:46.357-0100: 39.878: [GC (Allocation Failure) [PSYoungGen: 490944K->141024K(524800K)] 869459K->623267K(1835520K), 0.1085638 secs] [Times: user=0.84 sys=0.01, real=0.11 secs] 
2017-08-27T19:37:47.133-0100: 40.654: [GC (Allocation Failure) [PSYoungGen: 496352K->143360K(528896K)] 978595K->731947K(1839616K), 0.1109427 secs] [Times: user=0.87 sys=0.01, real=0.11 secs] 
2017-08-27T19:37:47.925-0100: 41.446: [GC (Allocation Failure) [PSYoungGen: 503808K->143360K(529408K)] 1092395K->832931K(1840128K), 0.1070320 secs] [Times: user=0.85 sys=0.00, real=0.11 secs] 
2017-08-27T19:37:48.734-0100: 42.255: [GC (Allocation Failure) [PSYoungGen: 503808K->143360K(528896K)] 1193379K->933923K(1839616K), 0.1068822 secs] [Times: user=0.84 sys=0.00, real=0.11 secs] 
2017-08-27T19:37:49.547-0100: 43.068: [GC (Allocation Failure) [PSYoungGen: 504320K->143392K(529408K)] 1294883K->1034955K(1840128K), 0.1054707 secs] [Times: user=0.83 sys=0.00, real=0.11 secs] 
2017-08-27T19:37:50.353-0100: 43.874: [GC (Allocation Failure) [PSYoungGen: 504352K->143832K(529408K)] 1395915K->1136387K(1840128K), 0.1075169 secs] [Times: user=0.83 sys=0.00, real=0.11 secs] 
2017-08-27T19:37:51.147-0100: 44.668: [GC (Allocation Failure) [PSYoungGen: 506328K->143392K(529920K)] 1498883K->1237331K(1840640K), 0.1133382 secs] [Times: user=0.89 sys=0.00, real=0.12 secs] 
2017-08-27T19:37:51.978-0100: 45.499: [GC (Allocation Failure) [PSYoungGen: 505888K->143840K(529408K)] 1599827K->1338771K(1840128K), 0.1156554 secs] [Times: user=0.82 sys=0.04, real=0.12 secs] 
2017-08-27T19:37:52.093-0100: 45.614: [Full GC (Ergonomics) [PSYoungGen: 143840K->0K(529408K)] [ParOldGen: 1194931K->277321K(1369088K)] 1338771K->277321K(1898496K), [Metaspace: 22328K->22328K(1069056K)], 0.4250204 secs] [Times: user=3.21 sys=0.01, real=0.42 secs] 
2017-08-27T19:37:53.211-0100: 46.732: [GC (Allocation Failure) [PSYoungGen: 364544K->145216K(530432K)] 641865K->422537K(1899520K), 0.0715505 secs] [Times: user=0.54 sys=0.01, real=0.07 secs] 
2017-08-27T19:37:54.013-0100: 47.534: [GC (Allocation Failure) [PSYoungGen: 509760K->145376K(531968K)] 787081K->515817K(1901056K), 0.1052191 secs] [Times: user=0.81 sys=0.00, real=0.10 secs] 
2017-08-27T19:37:54.832-0100: 48.353: [GC (Allocation Failure) [PSYoungGen: 512480K->147360K(532480K)] 882921K->617785K(1901568K), 0.1102513 secs] [Times: user=0.86 sys=0.00, real=0.11 secs] 
2017-08-27T19:37:55.633-0100: 49.154: [GC (Allocation Failure) [PSYoungGen: 514464K->145600K(531968K)] 984889K->720905K(1901056K), 0.1135155 secs] [Times: user=0.86 sys=0.00, real=0.11 secs] 
2017-08-27T19:37:56.445-0100: 49.966: [GC (Allocation Failure) [PSYoungGen: 513216K->145152K(532480K)] 1088521K->818599K(1901568K), 0.1079866 secs] [Times: user=0.84 sys=0.00, real=0.11 secs] 
2017-08-27T19:37:57.279-0100: 50.800: [GC (Allocation Failure) [PSYoungGen: 512768K->146944K(532992K)] 1186215K->912943K(1902080K), 0.1054599 secs] [Times: user=0.82 sys=0.00, real=0.11 secs] 
2017-08-27T19:37:58.111-0100: 51.632: [GC (Allocation Failure) [PSYoungGen: 516608K->148544K(533504K)] 1282607K->1014135K(1902592K), 0.1088595 secs] [Times: user=0.86 sys=0.01, real=0.11 secs] 
2017-08-27T19:37:58.959-0100: 52.480: [GC (Allocation Failure) [PSYoungGen: 518208K->146688K(533504K)] 1383799K->1108223K(1902592K), 0.1088407 secs] [Times: user=0.85 sys=0.01, real=0.11 secs] 
2017-08-27T19:37:59.805-0100: 53.326: [GC (Allocation Failure) [PSYoungGen: 517376K->144544K(534016K)] 1478911K->1200255K(1903104K), 0.1056799 secs] [Times: user=0.83 sys=0.01, real=0.11 secs] 
2017-08-27T19:38:00.607-0100: 54.128: [GC (Allocation Failure) [PSYoungGen: 515232K->149248K(534016K)] 1570943K->1307111K(1903104K), 0.1131685 secs] [Times: user=0.89 sys=0.00, real=0.12 secs] 
2017-08-27T19:38:01.462-0100: 54.982: [GC (Allocation Failure) [PSYoungGen: 521472K->147552K(534528K)] 1679335K->1402087K(1903616K), 0.1147241 secs] [Times: user=0.86 sys=0.03, real=0.11 secs] 
2017-08-27T19:38:01.576-0100: 55.097: [Full GC (Ergonomics) [PSYoungGen: 147552K->0K(534528K)] [ParOldGen: 1254535K->273065K(1398272K)] 1402087K->273065K(1932800K), [Metaspace: 22352K->22352K(1069056K)], 0.4279816 secs] [Times: user=3.17 sys=0.01, real=0.43 secs] 
2017-08-27T19:38:02.771-0100: 56.292: [GC (Allocation Failure) [PSYoungGen: 372224K->149664K(536064K)] 645289K->422729K(1934336K), 0.0715349 secs] [Times: user=0.56 sys=0.01, real=0.07 secs] 
2017-08-27T19:38:03.577-0100: 57.098: [GC (Allocation Failure) [PSYoungGen: 523936K->147872K(536576K)] 797001K->517945K(1934848K), 0.1089892 secs] [Times: user=0.85 sys=0.01, real=0.11 secs] 
2017-08-27T19:38:04.436-0100: 57.957: [GC (Allocation Failure) [PSYoungGen: 522144K->149344K(536576K)] 892217K->614713K(1934848K), 0.1070450 secs] [Times: user=0.83 sys=0.00, real=0.11 secs] 
2017-08-27T19:38:05.246-0100: 58.767: [GC (Allocation Failure) [PSYoungGen: 524128K->148800K(536576K)] 989497K->710865K(1934848K), 0.1096758 secs] [Times: user=0.84 sys=0.00, real=0.11 secs] 
2017-08-27T19:38:06.107-0100: 59.628: [GC (Allocation Failure) [PSYoungGen: 523584K->149604K(536576K)] 1085649K->805805K(1934848K), 0.1068478 secs] [Times: user=0.83 sys=0.00, real=0.11 secs] 
2017-08-27T19:38:06.894-0100: 60.415: [GC (Allocation Failure) [PSYoungGen: 524900K->147392K(536576K)] 1181101K->900661K(1934848K), 0.1089003 secs] [Times: user=0.84 sys=0.00, real=0.11 secs] 
2017-08-27T19:38:07.742-0100: 61.263: [GC (Allocation Failure) [PSYoungGen: 522688K->149376K(537088K)] 1275957K->999325K(1935360K), 0.1081488 secs] [Times: user=0.84 sys=0.00, real=0.11 secs] 
2017-08-27T19:38:08.603-0100: 62.124: [GC (Allocation Failure) [PSYoungGen: 526208K->151488K(536576K)] 1376157K->1098085K(1934848K), 0.1095820 secs] [Times: user=0.86 sys=0.00, real=0.11 secs] 
2017-08-27T19:38:09.478-0100: 62.999: [GC (Allocation Failure) [PSYoungGen: 528320K->150432K(538624K)] 1474917K->1185698K(1936896K), 0.1038216 secs] [Times: user=0.81 sys=0.00, real=0.11 secs] 
2017-08-27T19:38:10.338-0100: 63.859: [GC (Allocation Failure) [PSYoungGen: 528800K->149920K(528384K)] 1564066K->1282906K(1926656K), 0.1098215 secs] [Times: user=0.86 sys=0.00, real=0.11 secs] 
2017-08-27T19:38:11.157-0100: 64.678: [GC (Allocation Failure) [PSYoungGen: 528288K->153600K(537088K)] 1661274K->1383738K(1935360K), 0.1125412 secs] [Times: user=0.88 sys=0.00, real=0.11 secs] 
2017-08-27T19:38:12.057-0100: 65.578: [GC (Allocation Failure) [PSYoungGen: 530944K->147040K(538112K)] 1761082K->1467890K(1936384K), 0.1124093 secs] [Times: user=0.79 sys=0.04, real=0.11 secs] 
2017-08-27T19:38:12.169-0100: 65.690: [Full GC (Ergonomics) [PSYoungGen: 147040K->0K(538112K)] [ParOldGen: 1320850K->274758K(1398272K)] 1467890K->274758K(1936384K), [Metaspace: 22416K->22416K(1069056K)], 0.4358942 secs] [Times: user=3.25 sys=0.01, real=0.44 secs] 
2017-08-27T19:38:13.311-0100: 66.832: [GC (Allocation Failure) [PSYoungGen: 377344K->150368K(538112K)] 652102K->425126K(1936384K), 0.0737846 secs] [Times: user=0.55 sys=0.00, real=0.07 secs] 
2017-08-27T19:38:14.109-0100: 67.630: [GC (Allocation Failure) [PSYoungGen: 528736K->152704K(538112K)] 803494K->525046K(1936384K), 0.1109567 secs] [Times: user=0.86 sys=0.00, real=0.12 secs] 
2017-08-27T19:38:14.962-0100: 68.483: [GC (Allocation Failure) [PSYoungGen: 531072K->149504K(537600K)] 903414K->611702K(1935872K), 0.1052384 secs] [Times: user=0.81 sys=0.00, real=0.10 secs] 
2017-08-27T19:38:15.799-0100: 69.320: [GC (Allocation Failure) [PSYoungGen: 528384K->151360K(538112K)] 990582K->704196K(1936384K), 0.1072440 secs] [Times: user=0.83 sys=0.00, real=0.11 secs] 
2017-08-27T19:38:16.647-0100: 70.168: [GC (Allocation Failure) [PSYoungGen: 530240K->151968K(539648K)] 1083076K->803396K(1937920K), 0.1111918 secs] [Times: user=0.86 sys=0.00, real=0.11 secs] 
2017-08-27T19:38:17.509-0100: 71.030: [GC (Allocation Failure) [PSYoungGen: 532384K->152576K(539648K)] 1183812K->899180K(1937920K), 0.1084117 secs] [Times: user=0.86 sys=0.00, real=0.11 secs] 
2017-08-27T19:38:18.424-0100: 71.945: [GC (Allocation Failure) [PSYoungGen: 532992K->149952K(538624K)] 1279596K->986164K(1936896K), 0.1052391 secs] [Times: user=0.83 sys=0.00, real=0.10 secs] 
2017-08-27T19:38:19.271-0100: 72.792: [GC (Allocation Failure) [PSYoungGen: 530368K->152704K(539136K)] 1366580K->1075932K(1937408K), 0.1054484 secs] [Times: user=0.83 sys=0.00, real=0.10 secs] 
2017-08-27T19:38:20.170-0100: 73.691: [GC (Allocation Failure) [PSYoungGen: 533120K->150400K(539136K)] 1456348K->1173420K(1937408K), 0.1114483 secs] [Times: user=0.87 sys=0.00, real=0.11 secs] 
2017-08-27T19:38:21.025-0100: 74.546: [GC (Allocation Failure) [PSYoungGen: 531840K->152736K(539648K)] 1554860K->1273220K(1937920K), 0.1109946 secs] [Times: user=0.88 sys=0.00, real=0.11 secs] 
2017-08-27T19:38:21.923-0100: 75.444: [GC (Allocation Failure) [PSYoungGen: 534176K->150080K(539648K)] 1654660K->1360268K(1937920K), 0.1066912 secs] [Times: user=0.84 sys=0.00, real=0.10 secs] 
2017-08-27T19:38:22.761-0100: 76.282: [GC (Allocation Failure) [PSYoungGen: 532544K->153184K(540160K)] 1742732K->1450628K(1938432K), 0.1065267 secs] [Times: user=0.84 sys=0.00, real=0.10 secs] 
2017-08-27T19:38:22.867-0100: 76.388: [Full GC (Ergonomics) [PSYoungGen: 153184K->0K(540160K)] [ParOldGen: 1297444K->277768K(1398272K)] 1450628K->277768K(1938432K), [Metaspace: 22429K->22429K(1069056K)], 0.4423023 secs] [Times: user=3.32 sys=0.01, real=0.45 secs] 
2017-08-27T19:38:24.085-0100: 77.606: [GC (GCLocker Initiated GC) [PSYoungGen: 382464K->152256K(541184K)] 660232K->430024K(1939456K), 0.0741987 secs] [Times: user=0.57 sys=0.00, real=0.07 secs] 
2017-08-27T19:38:24.887-0100: 78.408: [GC (Allocation Failure) [PSYoungGen: 535744K->152480K(541184K)] 813513K->524025K(1939456K), 0.1118107 secs] [Times: user=0.86 sys=0.00, real=0.11 secs] 
2017-08-27T19:38:25.748-0100: 79.269: [GC (Allocation Failure) [PSYoungGen: 535968K->152128K(541184K)] 907513K->623265K(1939456K), 0.1152372 secs] [Times: user=0.89 sys=0.00, real=0.12 secs] 
2017-08-27T19:38:26.579-0100: 80.099: [GC (Allocation Failure) [PSYoungGen: 535616K->154016K(537600K)] 1006753K->720465K(1935872K), 0.1121965 secs] [Times: user=0.87 sys=0.00, real=0.12 secs] 
2017-08-27T19:38:27.422-0100: 80.943: [GC (Allocation Failure) [PSYoungGen: 537504K->154080K(540672K)] 1103953K->811457K(1938944K), 0.1067032 secs] [Times: user=0.84 sys=0.01, real=0.10 secs] 
2017-08-27T19:38:28.306-0100: 81.827: [GC (Allocation Failure) [PSYoungGen: 536544K->152928K(540672K)] 1193921K->901257K(1938944K), 0.1062076 secs] [Times: user=0.84 sys=0.00, real=0.11 secs] 
2017-08-27T19:38:29.181-0100: 82.702: [GC (Allocation Failure) [PSYoungGen: 535392K->152150K(539648K)] 1283721K->990312K(1937920K), 0.1054351 secs] [Times: user=0.83 sys=0.00, real=0.10 secs] 
2017-08-27T19:38:30.078-0100: 83.599: [GC (Allocation Failure) [PSYoungGen: 534614K->151712K(540160K)] 1372776K->1079720K(1938432K), 0.1061434 secs] [Times: user=0.84 sys=0.00, real=0.11 secs] 
2017-08-27T19:38:30.965-0100: 84.486: [GC (Allocation Failure) [PSYoungGen: 534176K->153376K(541184K)] 1462184K->1169984K(1939456K), 0.1070248 secs] [Times: user=0.84 sys=0.00, real=0.11 secs] 
2017-08-27T19:38:31.828-0100: 85.349: [GC (Allocation Failure) [PSYoungGen: 537376K->152672K(541184K)] 1553984K->1261592K(1939456K), 0.1087908 secs] [Times: user=0.85 sys=0.00, real=0.11 secs] 
2017-08-27T19:38:32.670-0100: 86.191: [GC (Allocation Failure) [PSYoungGen: 536672K->153792K(541696K)] 1645592K->1358952K(1939968K), 0.1106974 secs] [Times: user=0.87 sys=0.00, real=0.11 secs] 
2017-08-27T19:38:33.518-0100: 87.039: [GC (Allocation Failure) [PSYoungGen: 538304K->153088K(541696K)] 1743464K->1456757K(1939968K), 0.1134988 secs] [Times: user=0.87 sys=0.00, real=0.12 secs] 
2017-08-27T19:38:33.632-0100: 87.153: [Full GC (Ergonomics) [PSYoungGen: 153088K->0K(541696K)] [ParOldGen: 1303669K->286167K(1398272K)] 1456757K->286167K(1939968K), [Metaspace: 22459K->22459K(1069056K)], 0.4709361 secs] [Times: user=3.49 sys=0.01, real=0.47 secs] 
2017-08-27T19:38:34.856-0100: 88.377: [GC (Allocation Failure) [PSYoungGen: 384512K->154208K(541696K)] 670679K->440375K(1939968K), 0.0713463 secs] [Times: user=0.56 sys=0.00, real=0.07 secs] 
2017-08-27T19:38:35.668-0100: 89.189: [GC (Allocation Failure) [PSYoungGen: 538720K->154112K(538624K)] 824887K->531231K(1936896K), 0.1078522 secs] [Times: user=0.83 sys=0.00, real=0.11 secs] 
2017-08-27T19:38:36.514-0100: 90.035: [GC (Allocation Failure) [PSYoungGen: 538624K->154208K(541184K)] 915743K->622263K(1939456K), 0.1091335 secs] [Times: user=0.83 sys=0.00, real=0.11 secs] 
2017-08-27T19:38:37.388-0100: 90.909: [GC (Allocation Failure) [PSYoungGen: 537696K->152032K(535552K)] 1005751K->711023K(1933824K), 0.1076323 secs] [Times: user=0.83 sys=0.00, real=0.11 secs] 
2017-08-27T19:38:38.261-0100: 91.782: [GC (Allocation Failure) [PSYoungGen: 535520K->152928K(541184K)] 1094511K->800743K(1939456K), 0.1057833 secs] [Times: user=0.83 sys=0.00, real=0.10 secs] 
2017-08-27T19:38:39.102-0100: 92.623: [GC (Allocation Failure) [PSYoungGen: 536928K->152480K(540672K)] 1184743K->889959K(1938944K), 0.1075721 secs] [Times: user=0.84 sys=0.00, real=0.10 secs] 
2017-08-27T19:38:39.985-0100: 93.506: [GC (Allocation Failure) [PSYoungGen: 536480K->153856K(541696K)] 1273959K->980519K(1939968K), 0.1078970 secs] [Times: user=0.85 sys=0.00, real=0.11 secs] 
2017-08-27T19:38:40.860-0100: 94.381: [GC (Allocation Failure) [PSYoungGen: 538880K->153472K(541696K)] 1365543K->1070703K(1939968K), 0.1097395 secs] [Times: user=0.86 sys=0.00, real=0.11 secs] 
2017-08-27T19:38:41.663-0100: 95.184: [GC (Allocation Failure) [PSYoungGen: 538496K->154176K(542208K)] 1455727K->1161567K(1940480K), 0.1101473 secs] [Times: user=0.87 sys=0.00, real=0.11 secs] 
2017-08-27T19:38:42.539-0100: 96.060: [GC (Allocation Failure) [PSYoungGen: 539712K->153632K(542208K)] 1547103K->1254344K(1940480K), 0.1125346 secs] [Times: user=0.88 sys=0.00, real=0.12 secs] 
2017-08-27T19:38:43.441-0100: 96.962: [GC (Allocation Failure) [PSYoungGen: 539168K->154400K(542208K)] 1639880K->1347448K(1940480K), 0.1120698 secs] [Times: user=0.87 sys=0.00, real=0.11 secs] 
2017-08-27T19:38:44.320-0100: 97.841: [GC (Allocation Failure) [PSYoungGen: 539936K->152416K(542208K)] 1732984K->1442712K(1940480K), 0.1160955 secs] [Times: user=0.89 sys=0.00, real=0.11 secs] 
2017-08-27T19:38:44.436-0100: 97.957: [Full GC (Ergonomics) [PSYoungGen: 152416K->0K(542208K)] [ParOldGen: 1290296K->287265K(1398272K)] 1442712K->287265K(1940480K), [Metaspace: 22479K->22479K(1069056K)], 0.4864148 secs] [Times: user=3.56 sys=0.01, real=0.49 secs] 
2017-08-27T19:38:45.647-0100: 99.168: [GC (Allocation Failure) [PSYoungGen: 385536K->154464K(542208K)] 672801K->441729K(1940480K), 0.0760833 secs] [Times: user=0.57 sys=0.00, real=0.08 secs] 
2017-08-27T19:38:46.456-0100: 99.976: [GC (Allocation Failure) [PSYoungGen: 540000K->153728K(542208K)] 827265K->533553K(1940480K), 0.1126078 secs] [Times: user=0.86 sys=0.00, real=0.11 secs] 
2017-08-27T19:38:47.331-0100: 100.852: [GC (Allocation Failure) [PSYoungGen: 539264K->154336K(542208K)] 919089K->626385K(1940480K), 0.1101311 secs] [Times: user=0.85 sys=0.00, real=0.11 secs] 
2017-08-27T19:38:48.218-0100: 101.739: [GC (Allocation Failure) [PSYoungGen: 539872K->152640K(542208K)] 1011921K->715633K(1940480K), 0.1078096 secs] [Times: user=0.85 sys=0.01, real=0.11 secs] 
2017-08-27T19:38:49.058-0100: 102.579: [GC (Allocation Failure) [PSYoungGen: 538176K->154304K(542208K)] 1101169K->806457K(1940480K), 0.1074497 secs] [Times: user=0.85 sys=0.00, real=0.11 secs] 
2017-08-27T19:38:49.950-0100: 103.471: [GC (Allocation Failure) [PSYoungGen: 539840K->150432K(542208K)] 1191993K->893409K(1940480K), 0.1071300 secs] [Times: user=0.85 sys=0.00, real=0.10 secs] 
2017-08-27T19:38:50.823-0100: 104.344: [GC (Allocation Failure) [PSYoungGen: 535968K->154112K(542208K)] 1278945K->984209K(1940480K), 0.1086570 secs] [Times: user=0.86 sys=0.01, real=0.11 secs] 
2017-08-27T19:38:51.717-0100: 105.238: [GC (Allocation Failure) [PSYoungGen: 539648K->152992K(542208K)] 1369745K->1073801K(1940480K), 0.1110219 secs] [Times: user=0.87 sys=0.00, real=0.11 secs] 
2017-08-27T19:38:52.574-0100: 106.095: [GC (Allocation Failure) [PSYoungGen: 538528K->153760K(541184K)] 1459337K->1165185K(1939456K), 0.1100190 secs] [Times: user=0.86 sys=0.00, real=0.11 secs] 
2017-08-27T19:38:53.426-0100: 106.947: [GC (Allocation Failure) [PSYoungGen: 539296K->153696K(541696K)] 1550721K->1257737K(1939968K), 0.1123105 secs] [Times: user=0.89 sys=0.00, real=0.11 secs] 
2017-08-27T19:38:54.262-0100: 107.783: [GC (Allocation Failure) [PSYoungGen: 539232K->152800K(542720K)] 1643273K->1355185K(1940992K), 0.1180497 secs] [Times: user=0.89 sys=0.00, real=0.12 secs] 
2017-08-27T19:38:55.140-0100: 108.661: [GC (Allocation Failure) [PSYoungGen: 539360K->153888K(542720K)] 1741745K->1453281K(1940992K), 0.1173215 secs] [Times: user=0.88 sys=0.00, real=0.11 secs] 
2017-08-27T19:38:55.258-0100: 108.779: [Full GC (Ergonomics) [PSYoungGen: 153888K->0K(542720K)] [ParOldGen: 1299393K->290043K(1398272K)] 1453281K->290043K(1940992K), [Metaspace: 22514K->22514K(1069056K)], 0.4918012 secs] [Times: user=3.67 sys=0.01, real=0.50 secs] 
2017-08-27T19:38:56.467-0100: 109.988: [GC (Allocation Failure) [PSYoungGen: 386560K->154560K(542720K)] 676603K->444603K(1940992K), 0.0738666 secs] [Times: user=0.57 sys=0.00, real=0.08 secs] 
2017-08-27T19:38:57.322-0100: 110.843: [GC (Allocation Failure) [PSYoungGen: 541120K->154560K(541184K)] 831163K->535571K(1939456K), 0.1113585 secs] [Times: user=0.86 sys=0.00, real=0.11 secs] 
2017-08-27T19:38:58.197-0100: 111.718: [GC (Allocation Failure) [PSYoungGen: 541120K->154528K(542208K)] 922131K->626491K(1940480K), 0.1084992 secs] [Times: user=0.85 sys=0.00, real=0.11 secs] 
2017-08-27T19:38:59.088-0100: 112.609: [GC (Allocation Failure) [PSYoungGen: 540064K->154560K(542208K)] 1012027K->717475K(1940480K), 0.1093801 secs] [Times: user=0.86 sys=0.00, real=0.11 secs] 
2017-08-27T19:38:59.989-0100: 113.510: [GC (Allocation Failure) [PSYoungGen: 540096K->154624K(542208K)] 1103011K->808467K(1940480K), 0.1097717 secs] [Times: user=0.86 sys=0.00, real=0.11 secs] 
2017-08-27T19:39:00.893-0100: 114.414: [GC (Allocation Failure) [PSYoungGen: 540160K->154592K(542208K)] 1194003K->899379K(1940480K), 0.1090318 secs] [Times: user=0.86 sys=0.00, real=0.11 secs] 
2017-08-27T19:39:01.809-0100: 115.330: [GC (Allocation Failure) [PSYoungGen: 540128K->153152K(542208K)] 1284915K->988875K(1940480K), 0.1088926 secs] [Times: user=0.86 sys=0.00, real=0.11 secs] 
2017-08-27T19:39:02.668-0100: 116.189: [GC (Allocation Failure) [PSYoungGen: 538688K->154112K(542208K)] 1374411K->1079307K(1940480K), 0.1106769 secs] [Times: user=0.86 sys=0.00, real=0.11 secs] 
2017-08-27T19:39:03.561-0100: 117.082: [GC (Allocation Failure) [PSYoungGen: 539648K->151808K(542208K)] 1464843K->1167443K(1940480K), 0.1101266 secs] [Times: user=0.87 sys=0.00, real=0.11 secs] 
2017-08-27T19:39:04.413-0100: 117.934: [GC (Allocation Failure) [PSYoungGen: 537344K->154560K(542208K)] 1552979K->1258307K(1940480K), 0.1148050 secs] [Times: user=0.86 sys=0.00, real=0.11 secs] 
2017-08-27T19:39:05.311-0100: 118.832: [GC (Allocation Failure) [PSYoungGen: 540096K->154930K(542208K)] 1643843K->1349557K(1940480K), 0.1150152 secs] [Times: user=0.89 sys=0.00, real=0.11 secs] 
2017-08-27T19:39:06.186-0100: 119.707: [GC (Allocation Failure) [PSYoungGen: 540466K->154560K(542208K)] 1735093K->1440429K(1940480K), 0.1147252 secs] [Times: user=0.89 sys=0.00, real=0.12 secs] 
2017-08-27T19:39:06.301-0100: 119.822: [Full GC (Ergonomics) [PSYoungGen: 154560K->0K(542208K)] [ParOldGen: 1285869K->285814K(1398272K)] 1440429K->285814K(1940480K), [Metaspace: 22520K->22520K(1069056K)], 0.4825852 secs] [Times: user=3.57 sys=0.01, real=0.48 secs] 
2017-08-27T19:39:07.542-0100: 121.063: [GC (Allocation Failure) [PSYoungGen: 385536K->153024K(542208K)] 671350K->438838K(1940480K), 0.0736292 secs] [Times: user=0.58 sys=0.00, real=0.07 secs] 
2017-08-27T19:39:08.393-0100: 121.914: [GC (Allocation Failure) [PSYoungGen: 538560K->154240K(542208K)] 824374K->533774K(1940480K), 0.1117123 secs] [Times: user=0.88 sys=0.01, real=0.11 secs] 
2017-08-27T19:39:09.232-0100: 122.753: [GC (Allocation Failure) [PSYoungGen: 539776K->153056K(542208K)] 919310K->630366K(1940480K), 0.1134440 secs] [Times: user=0.89 sys=0.01, real=0.11 secs] 
2017-08-27T19:39:10.123-0100: 123.644: [GC (Allocation Failure) [PSYoungGen: 538592K->154784K(542208K)] 1015902K->726934K(1940480K), 0.1121174 secs] [Times: user=0.88 sys=0.01, real=0.11 secs] 
2017-08-27T19:39:11.032-0100: 124.553: [GC (Allocation Failure) [PSYoungGen: 540320K->156512K(541184K)] 1112470K->819606K(1939456K), 0.1101041 secs] [Times: user=0.87 sys=0.00, real=0.11 secs] 
2017-08-27T19:39:11.959-0100: 125.480: [GC (Allocation Failure) [PSYoungGen: 541024K->153760K(541696K)] 1204118K->909118K(1939968K), 0.1093101 secs] [Times: user=0.86 sys=0.01, real=0.11 secs] 
2017-08-27T19:39:12.829-0100: 126.350: [GC (Allocation Failure) [PSYoungGen: 538272K->151008K(541696K)] 1293630K->996238K(1939968K), 0.1084406 secs] [Times: user=0.85 sys=0.00, real=0.11 secs] 
2017-08-27T19:39:13.701-0100: 127.222: [GC (Allocation Failure) [PSYoungGen: 535520K->154304K(541696K)] 1380750K->1086694K(1939968K), 0.1086753 secs] [Times: user=0.85 sys=0.01, real=0.11 secs] 
2017-08-27T19:39:14.573-0100: 128.094: [GC (Allocation Failure) [PSYoungGen: 538816K->153280K(541696K)] 1471206K->1176158K(1939968K), 0.1155826 secs] [Times: user=0.86 sys=0.01, real=0.11 secs] 
2017-08-27T19:39:15.466-0100: 128.987: [GC (Allocation Failure) [PSYoungGen: 537792K->153024K(537600K)] 1560670K->1270894K(1935872K), 0.1159092 secs] [Times: user=0.90 sys=0.00, real=0.12 secs] 
2017-08-27T19:39:16.349-0100: 129.870: [GC (Allocation Failure) [PSYoungGen: 537536K->153184K(541184K)] 1655406K->1370278K(1939456K), 0.1186261 secs] [Times: user=0.90 sys=0.01, real=0.12 secs] 
2017-08-27T19:39:17.235-0100: 130.756: [GC (Allocation Failure) [PSYoungGen: 537696K->153248K(541184K)] 1754790K->1464422K(1939456K), 0.1406535 secs] [Times: user=0.94 sys=0.02, real=0.14 secs] 
2017-08-27T19:39:17.376-0100: 130.897: [Full GC (Ergonomics) [PSYoungGen: 153248K->0K(541184K)] [ParOldGen: 1311174K->293419K(1398272K)] 1464422K->293419K(1939456K), [Metaspace: 22522K->22522K(1069056K)], 0.5514711 secs] [Times: user=3.79 sys=0.04, real=0.55 secs] 
2017-08-27T19:39:18.678-0100: 132.199: [GC (Allocation Failure) [PSYoungGen: 384512K->151360K(542208K)] 677931K->444779K(1940480K), 0.0738499 secs] [Times: user=0.58 sys=0.00, real=0.08 secs] 
2017-08-27T19:39:19.478-0100: 132.999: [GC (Allocation Failure) [PSYoungGen: 536896K->154400K(542208K)] 830315K->535491K(1940480K), 0.1093634 secs] [Times: user=0.85 sys=0.00, real=0.11 secs] 
2017-08-27T19:39:20.374-0100: 133.895: [GC (Allocation Failure) [PSYoungGen: 539936K->152928K(542208K)] 921027K->624443K(1940480K), 0.1123711 secs] [Times: user=0.88 sys=0.00, real=0.11 secs] 
2017-08-27T19:39:21.287-0100: 134.808: [GC (Allocation Failure) [PSYoungGen: 538464K->153824K(539648K)] 1009979K->715691K(1937920K), 0.1107110 secs] [Times: user=0.87 sys=0.00, real=0.11 secs] 
2017-08-27T19:39:22.181-0100: 135.702: [GC (Allocation Failure) [PSYoungGen: 539360K->152800K(541696K)] 1101227K->812515K(1939968K), 0.1156416 secs] [Times: user=0.91 sys=0.00, real=0.11 secs] 
2017-08-27T19:39:23.064-0100: 136.585: [GC (Allocation Failure) [PSYoungGen: 538336K->154272K(541696K)] 1198051K->912795K(1939968K), 0.1147435 secs] [Times: user=0.90 sys=0.00, real=0.11 secs] 
2017-08-27T19:39:24.007-0100: 137.528: [GC (Allocation Failure) [PSYoungGen: 539808K->155008K(541696K)] 1298331K->1005907K(1939968K), 0.1115408 secs] [Times: user=0.87 sys=0.00, real=0.11 secs] 
2017-08-27T19:39:24.873-0100: 138.394: [GC (Allocation Failure) [PSYoungGen: 540544K->154520K(542208K)] 1391443K->1096355K(1940480K), 0.1117956 secs] [Times: user=0.86 sys=0.00, real=0.11 secs] 
2017-08-27T19:39:25.697-0100: 139.217: [GC (Allocation Failure) [PSYoungGen: 540056K->153920K(542208K)] 1481891K->1186923K(1940480K), 0.1133871 secs] [Times: user=0.87 sys=0.00, real=0.12 secs] 
2017-08-27T19:39:26.630-0100: 140.151: [GC (Allocation Failure) [PSYoungGen: 539456K->151840K(542208K)] 1572459K->1274651K(1940480K), 0.1112145 secs] [Times: user=0.84 sys=0.00, real=0.11 secs] 
2017-08-27T19:39:27.500-0100: 141.021: [GC (Allocation Failure) [PSYoungGen: 537376K->154592K(542208K)] 1660187K->1365131K(1940480K), 0.1126931 secs] [Times: user=0.87 sys=0.00, real=0.11 secs] 
2017-08-27T19:39:28.380-0100: 141.901: [GC (Allocation Failure) [PSYoungGen: 540128K->153760K(539648K)] 1750667K->1454819K(1937920K), 0.1128510 secs] [Times: user=0.88 sys=0.00, real=0.11 secs] 
2017-08-27T19:39:28.493-0100: 142.014: [Full GC (Ergonomics) [PSYoungGen: 153760K->0K(539648K)] [ParOldGen: 1301059K->290203K(1398272K)] 1454819K->290203K(1937920K), [Metaspace: 22527K->22527K(1069056K)], 0.4824510 secs] [Times: user=3.63 sys=0.01, real=0.48 secs] 
2017-08-27T19:39:29.738-0100: 143.259: [GC (Allocation Failure) [PSYoungGen: 385536K->154080K(541696K)] 675739K->444283K(1939968K), 0.0744206 secs] [Times: user=0.59 sys=0.00, real=0.08 secs] 
2017-08-27T19:39:30.645-0100: 144.166: [GC (Allocation Failure) [PSYoungGen: 539616K->152704K(541696K)] 829819K->542987K(1939968K), 0.1136248 secs] [Times: user=0.89 sys=0.00, real=0.11 secs] 
2017-08-27T19:39:31.495-0100: 145.016: [GC (Allocation Failure) [PSYoungGen: 538240K->155072K(541696K)] 928523K->641779K(1939968K), 0.1136037 secs] [Times: user=0.89 sys=0.00, real=0.11 secs] 
2017-08-27T19:39:32.421-0100: 145.942: [GC (Allocation Failure) [PSYoungGen: 540608K->154816K(542208K)] 1027315K->732451K(1940480K), 0.1115915 secs] [Times: user=0.87 sys=0.00, real=0.11 secs] 
2017-08-27T19:39:33.333-0100: 146.854: [GC (Allocation Failure) [PSYoungGen: 540352K->154016K(542208K)] 1117987K->822235K(1940480K), 0.1094066 secs] [Times: user=0.87 sys=0.01, real=0.11 secs] 
2017-08-27T19:39:34.263-0100: 147.784: [GC (Allocation Failure) [PSYoungGen: 539552K->151744K(542208K)] 1207771K->909707K(1940480K), 0.1102316 secs] [Times: user=0.83 sys=0.00, real=0.11 secs] 
2017-08-27T19:39:35.170-0100: 148.691: [GC (Allocation Failure) [PSYoungGen: 537280K->154624K(542208K)] 1295243K->1000131K(1940480K), 0.1103003 secs] [Times: user=0.86 sys=0.00, real=0.11 secs] 
2017-08-27T19:39:36.051-0100: 149.572: [GC (Allocation Failure) [PSYoungGen: 540160K->153440K(542208K)] 1385667K->1089411K(1940480K), 0.1152497 secs] [Times: user=0.87 sys=0.00, real=0.11 secs] 
2017-08-27T19:39:36.904-0100: 150.425: [GC (Allocation Failure) [PSYoungGen: 538976K->153856K(541184K)] 1474947K->1184363K(1939456K), 0.1155648 secs] [Times: user=0.89 sys=0.00, real=0.11 secs] 
2017-08-27T19:39:37.798-0100: 151.319: [GC (Allocation Failure) [PSYoungGen: 539392K->153504K(541696K)] 1569899K->1283683K(1939968K), 0.1188476 secs] [Times: user=0.90 sys=0.00, real=0.12 secs] 
2017-08-27T19:39:38.673-0100: 152.194: [GC (Allocation Failure) [PSYoungGen: 539040K->154816K(542720K)] 1669219K->1379243K(1940992K), 0.1129147 secs] [Times: user=0.88 sys=0.00, real=0.11 secs] 
2017-08-27T19:39:39.602-0100: 153.123: [GC (Allocation Failure) [PSYoungGen: 541376K->149888K(536576K)] 1765803K->1464803K(1934848K), 0.1096713 secs] [Times: user=0.86 sys=0.00, real=0.11 secs] 
2017-08-27T19:39:39.712-0100: 153.233: [Full GC (Ergonomics) [PSYoungGen: 149888K->0K(536576K)] [ParOldGen: 1314915K->292859K(1398272K)] 1464803K->292859K(1934848K), [Metaspace: 22528K->22528K(1069056K)], 0.4856789 secs] [Times: user=3.62 sys=0.01, real=0.48 secs] 
2017-08-27T19:39:40.909-0100: 154.430: [GC (Allocation Failure) [PSYoungGen: 386560K->154720K(542208K)] 679419K->447579K(1940480K), 0.0747076 secs] [Times: user=0.58 sys=0.00, real=0.08 secs] 
2017-08-27T19:39:41.793-0100: 155.314: [GC (Allocation Failure) [PSYoungGen: 540256K->152896K(542208K)] 833115K->537243K(1940480K), 0.1096506 secs] [Times: user=0.86 sys=0.00, real=0.11 secs] 
2017-08-27T19:39:42.639-0100: 156.160: [GC (Allocation Failure) [PSYoungGen: 538432K->152704K(542208K)] 922779K->636091K(1940480K), 0.1290106 secs] [Times: user=1.02 sys=0.01, real=0.13 secs] 
2017-08-27T19:39:43.460-0100: 156.981: [GC (Allocation Failure) [PSYoungGen: 538240K->155328K(541184K)] 1021627K->736051K(1939456K), 0.1317795 secs] [Times: user=1.05 sys=0.00, real=0.13 secs] 
2017-08-27T19:39:44.409-0100: 157.930: [GC (Allocation Failure) [PSYoungGen: 540864K->154592K(541696K)] 1121587K->826259K(1939968K), 0.1148646 secs] [Times: user=0.86 sys=0.00, real=0.12 secs] 
2017-08-27T19:39:45.403-0100: 158.923: [GC (Allocation Failure) [PSYoungGen: 539104K->43296K(428032K)] 1210771K->866139K(1826304K), 0.1269377 secs] [Times: user=0.97 sys=0.00, real=0.12 secs] 
2017-08-27T19:39:46.169-0100: 159.690: [GC (Allocation Failure) [PSYoungGen: 427808K->10816K(485376K)] 1250651K->868579K(1883648K), 0.0254508 secs] [Times: user=0.19 sys=0.00, real=0.03 secs] 
2017-08-27T19:39:46.606-0100: 160.127: [GC (Allocation Failure) [PSYoungGen: 320576K->9312K(319488K)] 1178339K->867715K(1717760K), 0.0029231 secs] [Times: user=0.01 sys=0.00, real=0.00 secs] 
2017-08-27T19:40:19.546-0100: 193.067: [GC (Allocation Failure) [PSYoungGen: 316765K->24310K(476160K)] 1175168K->883849K(1874432K), 0.0050543 secs] [Times: user=0.02 sys=0.00, real=0.01 secs] 
Heap
 PSYoungGen      total 476160K, used 70245K [0x0000000795580000, 0x00000007c0000000, 0x00000007c0000000)
  eden space 267776K, 17% used [0x0000000795580000,0x000000079825bd00,0x00000007a5b00000)
  from space 208384K, 11% used [0x00000007b3480000,0x00000007b4c3d880,0x00000007c0000000)
  to   space 215552K, 0% used [0x00000007a5b00000,0x00000007a5b00000,0x00000007b2d80000)
 ParOldGen       total 1398272K, used 859539K [0x0000000740000000, 0x0000000795580000, 0x0000000795580000)
  object space 1398272K, 61% used [0x0000000740000000,0x0000000774764da8,0x0000000795580000)
 Metaspace       used 23051K, capacity 23404K, committed 23808K, reserved 1071104K
  class space    used 2669K, capacity 2749K, committed 2816K, reserved 1048576K
